[     996ms] [LOG] - init tea async @ https://res.volccdn.com/obj/volc-console-fe/volc/web-data-sdk/1.0.0.46/cnSdk/initTeaSdk.js:12
[    1147ms] [INFO] [MonitorTracer] init successfully! version: 0.21.0 @ https://res.volccdn.com/obj/volc-console-fe/volc/web-data-sdk/1.0.0.46/cnSdk/initTeaSdk.js:6
[    1190ms] [ERROR] can no read vconsoleAppInfo from window object @ https://res.volccdn.com/obj/volc-console-fe/vconsole-vendors/volc-information.9d1c72b5.js:12
[    1193ms] [ERROR] can no read vconsoleAppInfo from window object @ https://res.volccdn.com/obj/volc-console-fe/vconsole-vendors/volc-information.9d1c72b5.js:12
[    1450ms] [ERROR] can no read vconsoleAppInfo from window object @ https://portal.volccdn.com/obj/volcfe-scm/doccenter/static/js/async/docs/(libid)/(docid$)/page.18a67f88.js:1
[    1451ms] [LOG] {} affixProps @ https://portal.volccdn.com/obj/volcfe-scm/doccenter/static/js/async/docs/(libid)/(docid$)/page.18a67f88.js:1
[    1481ms] [LOG] {} affixProps @ https://portal.volccdn.com/obj/volcfe-scm/doccenter/static/js/async/docs/(libid)/(docid$)/page.18a67f88.js:1
[    1485ms] [LOG] {} affixProps @ https://portal.volccdn.com/obj/volcfe-scm/doccenter/static/js/async/docs/(libid)/(docid$)/page.18a67f88.js:1
[    1513ms] [WARNING] The web fetch in browser environment has not psm field @ https://portal.volccdn.com/obj/volcfe-scm/doccenter/static/js/561.46412930.js:1
[    1514ms] [WARNING] The web fetch in browser environment has not psm field @ https://portal.volccdn.com/obj/volcfe-scm/doccenter/static/js/561.46412930.js:1
[    1522ms] [WARNING] Starling_intl: [WARNING] Plugin: undefined has beeninit installed. @ https://portal.volccdn.com/obj/volcfe-scm/doccenter/static/js/561.46412930.js:1
[    1688ms] [LOG] {} affixProps @ https://portal.volccdn.com/obj/volcfe-scm/doccenter/static/js/async/docs/(libid)/(docid$)/page.18a67f88.js:1
[    1725ms] [LOG] {} affixProps @ https://portal.volccdn.com/obj/volcfe-scm/doccenter/static/js/async/docs/(libid)/(docid$)/page.18a67f88.js:1
[    1728ms] [WARNING] The web fetch in browser environment has not psm field @ https://portal.volccdn.com/obj/volcfe-scm/doccenter/static/js/561.46412930.js:1
[    2157ms] [LOG] {} affixProps @ https://portal.volccdn.com/obj/volcfe-scm/doccenter/static/js/async/docs/(libid)/(docid$)/page.18a67f88.js:1
[    2262ms] [ERROR] Failed to load resource: the server responded with a status of 401 () @ https://console.volcengine.com/api/passport/account/getUser:0
[    2569ms] [LOG] ========= undefined @ https://portal.volccdn.com/obj/volcfe-scm/doccenter/static/js/main.bec38cb7.js:0
[    3142ms] [ERROR] can no read vconsoleAppInfo from window object @ https://res.volccdn.com/obj/volc-console-fe/vcopilot-entry/web/static/js/8199.b73ea5f4.js:1
[    3550ms] [ERROR] can no read vconsoleAppInfo from window object @ https://res.volccdn.com/obj/volc-console-fe/vcopilot-entry/web/static/js/async/7585.fb588188.js:109
[    3642ms] [ERROR] `volcfContext` not found, please use `waitForVolcf` to wait for volcf to be loaded. @ https://res.volccdn.com/obj/volc-console-fe/vcopilot-entry/web/static/js/8199.b73ea5f4.js:1
[    3642ms] [ERROR] `volcfContext` not found, please use `waitForVolcf` to wait for volcf to be loaded. @ https://res.volccdn.com/obj/volc-console-fe/vcopilot-entry/web/static/js/8199.b73ea5f4.js:1
[    3650ms] [WARNING] Failed to execute 'postMessage' on 'DOMWindow': The target origin provided ('https://signin.volcengine.com') does not match the recipient window's origin ('https://www.volcengine.com'). @ https://res.volccdn.com/obj/volc-console-fe/vcopilot-entry/web/static/js/async/7585.fb588188.js:109
[    3654ms] [INFO] [ErrorRecommend][WebRuntimeGate] Resolved page error recommend gate {gate: Object, errorRecommendWhiteList: Array(0)} @ https://res.volccdn.com/obj/volc-console-fe/vcopilot-entry/web/static/js/async/1433.57735e06.js:47
[    3654ms] [INFO] [ErrorRecommend][Coordinator] Updating coordinator enabled state {href: https://www.volcengine.com/docs/82379/2373738?lang=zh, isTopWindow: true, payload: Object} @ https://res.volccdn.com/obj/volc-console-fe/vcopilot-entry/web/static/js/async/1433.57735e06.js:47
[    3655ms] [INFO] [ErrorRecommend][Coordinator] Updating coordinator enabled state {href: https://www.volcengine.com/docs/82379/2373738?lang=zh, isTopWindow: true, payload: Object} @ https://res.volccdn.com/obj/volc-console-fe/vcopilot-entry/web/static/js/async/1433.57735e06.js:47
[    3655ms] [INFO] [ErrorRecommend][Coordinator] Initializing page error recommend coordinator {href: https://www.volcengine.com/docs/82379/2373738?lang=zh, isTopWindow: true} @ https://res.volccdn.com/obj/volc-console-fe/vcopilot-entry/web/static/js/async/1433.57735e06.js:47
[    3658ms] [INFO] [ErrorRecommend][Coordinator] Disposing page error recommend coordinator {href: https://www.volcengine.com/docs/82379/2373738?lang=zh, isTopWindow: true} @ https://res.volccdn.com/obj/volc-console-fe/vcopilot-entry/web/static/js/async/1433.57735e06.js:47
[    3658ms] [INFO] [ErrorRecommend][Coordinator] Clearing current coordinator state {href: https://www.volcengine.com/docs/82379/2373738?lang=zh, isTopWindow: true, payload: Object} @ https://res.volccdn.com/obj/volc-console-fe/vcopilot-entry/web/static/js/async/1433.57735e06.js:47
[    3658ms] [INFO] [ErrorRecommend][WebRuntimeGate] Resolved page error recommend gate {gate: Object, errorRecommendWhiteList: Array(0)} @ https://res.volccdn.com/obj/volc-console-fe/vcopilot-entry/web/static/js/async/1433.57735e06.js:47
[    3658ms] [INFO] [ErrorRecommend][Coordinator] Updating coordinator enabled state {href: https://www.volcengine.com/docs/82379/2373738?lang=zh, isTopWindow: true, payload: Object} @ https://res.volccdn.com/obj/volc-console-fe/vcopilot-entry/web/static/js/async/1433.57735e06.js:47
[    3658ms] [WARNING] CommonJSONRPCProtocol: method vcopilot/set-ui-config already has request handler, override. @ https://res.volccdn.com/obj/volc-console-fe/vcopilot-entry/web/static/js/async/1433.57735e06.js:2
[    3658ms] [WARNING] CommonJSONRPCProtocol: method vcopilot/get-display-state already has request handler, override. @ https://res.volccdn.com/obj/volc-console-fe/vcopilot-entry/web/static/js/async/1433.57735e06.js:2
[    3658ms] [WARNING] CommonJSONRPCProtocol: method vcopilot/iframe/proxy-jsonrpc-notification already has notification handler, override. @ https://res.volccdn.com/obj/volc-console-fe/vcopilot-entry/web/static/js/async/1433.57735e06.js:2
[    3658ms] [INFO] [ErrorRecommend][Coordinator] Updating coordinator enabled state {href: https://www.volcengine.com/docs/82379/2373738?lang=zh, isTopWindow: true, payload: Object} @ https://res.volccdn.com/obj/volc-console-fe/vcopilot-entry/web/static/js/async/1433.57735e06.js:47
[    3658ms] [INFO] [ErrorRecommend][Coordinator] Initializing page error recommend coordinator {href: https://www.volcengine.com/docs/82379/2373738?lang=zh, isTopWindow: true} @ https://res.volccdn.com/obj/volc-console-fe/vcopilot-entry/web/static/js/async/1433.57735e06.js:47
[    3740ms] [LOG] {} affixProps @ https://portal.volccdn.com/obj/volcfe-scm/doccenter/static/js/async/docs/(libid)/(docid$)/page.18a67f88.js:1
[    3748ms] [WARNING] Failed to execute 'postMessage' on 'DOMWindow': The target origin provided ('https://signin.volcengine.com') does not match the recipient window's origin ('https://www.volcengine.com'). @ https://res.volccdn.com/obj/volc-console-fe/vcopilot-entry/web/static/js/async/7585.fb588188.js:109
[    3811ms] [INFO] [ErrorRecommend][WebRuntimeGate] Resolved page error recommend gate {gate: Object, errorRecommendWhiteList: Array(2)} @ https://res.volccdn.com/obj/volc-console-fe/vcopilot-entry/web/static/js/async/1433.57735e06.js:47
[    3811ms] [INFO] [ErrorRecommend][Coordinator] Updating coordinator enabled state {href: https://www.volcengine.com/docs/82379/2373738?lang=zh, isTopWindow: true, payload: Object} @ https://res.volccdn.com/obj/volc-console-fe/vcopilot-entry/web/static/js/async/1433.57735e06.js:47
[    3863ms] [INFO] [ErrorRecommend][WebRuntimeGate] Resolved page error recommend gate {gate: Object, errorRecommendWhiteList: Array(2)} @ https://res.volccdn.com/obj/volc-console-fe/vcopilot-entry/web/static/js/async/1433.57735e06.js:47
[    3863ms] [INFO] [ErrorRecommend][Coordinator] Updating coordinator enabled state {href: https://www.volcengine.com/docs/82379/2373738?lang=zh, isTopWindow: true, payload: Object} @ https://res.volccdn.com/obj/volc-console-fe/vcopilot-entry/web/static/js/async/1433.57735e06.js:47
[    4095ms] [TIMEEND] vcopilot-FastSigninInit: 447.659912109375 ms @ https://res.volccdn.com/obj/volc-console-fe/vcopilot-entry/web/static/js/async/1433.57735e06.js:36
